Microchip MPLAB XC8 Compiler V2.31

Linker command line:

-W-3 --edf=C:\Program Files\Microchip\xc8\v2.31\pic\dat\en_msgs.txt -cn \
  -h+dist/default/production\lab3.X.production.sym \
  --cmf=dist/default/production\lab3.X.production.cmf -z -Q16F887 \
  -oC:\Users\FERNAN~1\AppData\Local\Temp\s6jk.2 --defsym=__MPLAB_BUILD=1 \
  -Mdist/default/production/lab3.X.production.map -E1 -ver=XC8 Compiler \
  --acfsm=1493 -ASTACK=0110h-016Fh -pstack=STACK -ACODE=00h-07FFhx4 \
  -ASTRCODE=00h-01FFFh -ASTRING=00h-0FFhx32 -ACONST=00h-0FFhx32 \
  -AENTRY=00h-0FFhx32 -ACOMMON=070h-07Fh -ABANK0=020h-06Fh \
  -ABANK1=0A0h-0EFh -ABANK2=0110h-016Fh -ABANK3=0190h-01EFh \
  -ARAM=020h-06Fh,0A0h-0EFh,0110h-016Fh,0190h-01EFh \
  -AABS1=020h-07Fh,0A0h-0EFh,0110h-016Fh,0190h-01EFh -ASFR0=00h-01Fh \
  -ASFR1=080h-09Fh -ASFR2=0100h-010Fh -ASFR3=0180h-018Fh \
  -ACONFIG=02007h-02008h -DCONFIG=2 -AIDLOC=02000h-02003h -DIDLOC=2 \
  -AEEDATA=00h-0FFh/02100h -peeprom_data=EEDATA -DEEDATA=2 -DCODE=2 \
  -DSTRCODE=2 -DSTRING=2 -DCONST=2 -DENTRY=2 \
  -preset_vec=00h,intentry=04h,init,end_init -ppowerup=CODE -pcinit=CODE \
  -pfunctab=ENTRY -k C:\Users\FERNAN~1\AppData\Local\Temp\s6jk.o \
  dist/default/production\lab3.X.production.o 

Object code version is 3.11

Machine type is 16F887



                Name                               Link     Load   Length Selector   Space Scale
C:\Users\FERNAN~1\AppData\Local\Temp\s6jk.o
                end_init                              C        C        3        8       0
                reset_vec                             0        0        3        0       0
                config                             2007     2007        2        0       4
dist/default/production\lab3.X.production.o
                cinit                                 F        F       13        8       0
                intentry                              4        4        8        8       0
                config                             2007     2007        2        0       4
                text31                             1BB1     1BB1       22     3762       0
                text30                             1B83     1B83       13     3706       0
                text29                             1B54     1B54        D     36A8       0
                text28                             1C47     1C47       36     388E       0
                text27                             1B96     1B96       1B     372C       0
                text26                             1BF8     1BF8       26     37F0       0
                text25                             1B61     1B61       10     36C2       0
                text24                             1C7D     1C7D       44     38FA       0
                text23                             1D07     1D07       50     3A0E       0
                text22                             1F5C     1F5C       A4     3EB8       0
                text21                             1B49     1B49        B     3692       0
                text20                             1578     1578      288     2AF0       0
                text19                             1D57     1D57       50     3AAE       0
                text18                             1EE0     1EE0       7C     3DC0       0
                text17                             10CC     10CC       68     2198       0
                text16                              7A8      7A8       56        8       0
                text15                             1BD3     1BD3       25     37A6       0
                text14                             1134     1134       BC     2268       0
                text13                             12AD     12AD       BE     255A       0
                text12                             11F0     11F0       BD     23E0       0
                text11                             1C1E     1C1E       29     383C       0
                text10                              93C      93C      361     1278       0
                text9                              1CC1     1CC1       46     3982       0
                text8                               805      805       3A     100A       0
                text7                              136B     136B      20D     26D6       0
                text6                              1B71     1B71       12     36E2       0
                text5                              1E02     1E02       69     3C04       0
                text4                              1DA7     1DA7       5B     3B4E       0
                text3                               C9D      C9D      363     193A       0
                text2                                22       22      786        8       0
                text1                               83F      83F       FD     107E       0
                maintext                           1E6B     1E6B       75     3CD6       0
                cstackBANK0                          20       20       4F       20       1
                cstackCOMMON                         70       70        A       70       1
                cstackBANK1                          A0       A0       2E       A0       1
                bssBANK1                             CE       CE        D       A0       1
                strings                            1000     1000       CC     2000       0

TOTAL           Name                               Link     Load   Length     Space
        CLASS   STACK          

        CLASS   CODE           
                end_init                              C        C        3         0
                cinit                                 F        F       13         0
                intentry                              4        4        8         0
                reset_vec                             0        0        3         0
                text31                             1BB1     1BB1       22         0
                text30                             1B83     1B83       13         0
                text29                             1B54     1B54        D         0
                text28                             1C47     1C47       36         0
                text27                             1B96     1B96       1B         0
                text26                             1BF8     1BF8       26         0
                text25                             1B61     1B61       10         0
                text24                             1C7D     1C7D       44         0
                text23                             1D07     1D07       50         0
                text22                             1F5C     1F5C       A4         0
                text21                             1B49     1B49        B         0
                text20                             1578     1578      288         0
                text19                             1D57     1D57       50         0
                text18                             1EE0     1EE0       7C         0
                text17                             10CC     10CC       68         0
                text16                              7A8      7A8       56         0
                text15                             1BD3     1BD3       25         0
                text14                             1134     1134       BC         0
                text13                             12AD     12AD       BE         0
                text12                             11F0     11F0       BD         0
                text11                             1C1E     1C1E       29         0
                text10                              93C      93C      361         0
                text9                              1CC1     1CC1       46         0
                text8                               805      805       3A         0
                text7                              136B     136B      20D         0
                text6                              1B71     1B71       12         0
                text5                              1E02     1E02       69         0
                text4                              1DA7     1DA7       5B         0
                text3                               C9D      C9D      363         0
                text2                                22       22      786         0
                text1                               83F      83F       FD         0
                maintext                           1E6B     1E6B       75         0

        CLASS   STRCODE        

        CLASS   STRING         
                strings                            1000     1000       CC         0

        CLASS   CONST          

        CLASS   ENTRY          

        CLASS   COMMON         
                cstackCOMMON                         70       70        A         1

        CLASS   BANK0          
                cstackBANK0                          20       20       4F         1

        CLASS   BANK1          
                cstackBANK1                          A0       A0       2E         1
                bssBANK1                             CE       CE        D         1

        CLASS   BANK2          

        CLASS   BANK3          

        CLASS   RAM            

        CLASS   ABS1           
                abs_s1                               7E       7E        2         1

        CLASS   SFR0           

        CLASS   SFR1           

        CLASS   SFR2           

        CLASS   SFR3           

        CLASS   CONFIG         
                config                             2007     2007        2         4

        CLASS   IDLOC          

        CLASS   EEDATA         



SEGMENTS        Name                           Load    Length   Top    Selector   Space  Class     Delta

                reset_vec                      000000  000003  000003         0       0  CODE        2
                intentry                       000004  0007FA  0007FE         8       0  CODE        2
                cstackBANK0                    000020  00004F  00006F        20       1  BANK0       1
                cstackCOMMON                   000070  00000A  00007A        70       1  COMMON      1
                cstackBANK1                    0000A0  00003B  0000DB        A0       1  BANK1       1
                text8                          000805  00003A  00083F      100A       0  CODE        2
                text1                          00083F  0000FD  00093C      107E       0  CODE        2
                text10                         00093C  000361  000C9D      1278       0  CODE        2
                text3                          000C9D  000363  001000      193A       0  CODE        2
                strings                        001000  0000CC  0010CC      2000       0  STRING      2
                text17                         0010CC  000068  001134      2198       0  CODE        2
                text14                         001134  0000BC  0011F0      2268       0  CODE        2
                text12                         0011F0  0000BD  0012AD      23E0       0  CODE        2
                text13                         0012AD  0000BE  00136B      255A       0  CODE        2
                text7                          00136B  00020D  001578      26D6       0  CODE        2
                text20                         001578  000288  001800      2AF0       0  CODE        2
                text21                         001B49  00000B  001B54      3692       0  CODE        2
                text29                         001B54  00000D  001B61      36A8       0  CODE        2
                text25                         001B61  000010  001B71      36C2       0  CODE        2
                text6                          001B71  000012  001B83      36E2       0  CODE        2
                text30                         001B83  000013  001B96      3706       0  CODE        2
                text27                         001B96  00001B  001BB1      372C       0  CODE        2
                text31                         001BB1  000022  001BD3      3762       0  CODE        2
                text15                         001BD3  000025  001BF8      37A6       0  CODE        2
                text26                         001BF8  000026  001C1E      37F0       0  CODE        2
                text11                         001C1E  000029  001C47      383C       0  CODE        2
                text28                         001C47  000036  001C7D      388E       0  CODE        2
                text24                         001C7D  000044  001CC1      38FA       0  CODE        2
                text9                          001CC1  000046  001D07      3982       0  CODE        2
                text23                         001D07  000050  001D57      3A0E       0  CODE        2
                text19                         001D57  000050  001DA7      3AAE       0  CODE        2
                text4                          001DA7  00005B  001E02      3B4E       0  CODE        2
                text5                          001E02  000069  001E6B      3C04       0  CODE        2
                maintext                       001E6B  000075  001EE0      3CD6       0  CODE        2
                text18                         001EE0  00007C  001F5C      3DC0       0  CODE        2
                text22                         001F5C  0000A4  002000      3EB8       0  CODE        2


UNUSED ADDRESS RANGES

        Name                Unused          Largest block    Delta
        BANK0            006F-006F              1           1
        BANK1            00DB-00EF             15           1
        BANK2            0110-016F             60           1
        BANK3            0190-01EF             60           1
        CODE             0003-0003              1           2
                         07FE-0804              2
                         1800-1B48            349
        COMMON           007A-007D              4           1
        CONST            0003-0003              1           2
                         07FE-0804              2
                         1800-1B48            100
        EEDATA           2100-21FF            100           2
        ENTRY            0003-0003              1           2
                         07FE-0804              2
                         1800-1B48            100
        IDLOC            2000-2003              4           2
        RAM              006F-006F              1           1
                         00DB-00EF             15
                         0110-016F             60
                         0190-01EF             60
        SFR0             0000-001F             20           1
        SFR1             0080-009F             20           1
        SFR2             0100-010F             10           1
        SFR3             0180-018F             10           1
        STACK            0110-016F             60           1
        STRCODE          0003-0003              1           2
                         07FE-0804              7
                         1800-1B48            349
        STRING           0003-0003              1           2
                         07FE-0804              2
                         1800-1B48            100

                                  Symbol Table

?__Umul8_16                cstackCOMMON 0074
?___awdiv                  cstackBANK0  0022
?___awmod                  cstackCOMMON 0074
?___fladd                  cstackBANK0  0059
?___flmul                  cstackBANK0  002B
?___flneg                  cstackCOMMON 0074
?___flsub                  cstackBANK1  00A0
?___fltol                  cstackBANK0  0058
?___lldiv                  cstackBANK0  0020
?___llmod                  cstackBANK0  0020
?___lwdiv                  cstackBANK0  0020
?___lwmod                  cstackCOMMON 0074
?___wmul                   cstackCOMMON 0074
?___xxtofl                 cstackBANK0  002B
?__div_to_l_               cstackBANK0  0020
?__tdiv_to_l_              cstackBANK0  0020
?_fround                   cstackBANK0  0045
?_scale                    cstackBANK0  0045
?_sprintf                  cstackBANK1  00A8
Lcd_Cmd@a                  cstackCOMMON 0076
Lcd_Set_Cursor@a           cstackBANK0  0020
Lcd_Set_Cursor@b           cstackCOMMON 0077
Lcd_Set_Cursor@temp        cstackBANK0  0021
Lcd_Write_Char@a           cstackCOMMON 0075
Lcd_Write_String@a         cstackCOMMON 0076
Lcd_Write_String@i         cstackCOMMON 0078
_ADCON0bits                (abs)        001F
_ADCON1bits                (abs)        009F
_ADRESH                    (abs)        001E
_ANSEL                     (abs)        0188
_ANSELH                    (abs)        0189
_ANSELbits                 (abs)        0188
_INTCONbits                (abs)        000B
_ISR                       text31       1BB1
_Lcd_Clear                 text29       1B54
_Lcd_Cmd                   text30       1B83
_Lcd_Init                  text28       1C47
_Lcd_Set_Cursor            text26       1BF8
_Lcd_Write_Char            text25       1B61
_Lcd_Write_String          text24       1C7D
_PIE1bits                  (abs)        008C
_PIR1bits                  (abs)        000C
_PORTB                     (abs)        0006
_PORTDbits                 (abs)        0008
_TRISA                     (abs)        0085
_TRISB                     (abs)        0086
_TRISD                     (abs)        0088
__Habs1                    abs1         0000
__Hbank0                   bank0        0000
__Hbank1                   bank1        0000
__Hbank2                   bank2        0000
__Hbank3                   bank3        0000
__HbssBANK1                bssBANK1     0000
__Hcinit                   cinit        0022
__Hclrtext                 clrtext      0000
__Hcode                    code         0000
__Hcommon                  common       0000
__Hconfig                  config       2009
__HcstackBANK0             cstackBANK0  0000
__HcstackBANK1             cstackBANK1  0000
__HcstackCOMMON            cstackCOMMON 0000
__Heeprom_data             eeprom_data  0000
__Hend_init                end_init     000F
__Hfunctab                 functab      0000
__Hinit                    init         000C
__Hintentry                intentry     000C
__Hmaintext                maintext     0000
__Hpowerup                 powerup      0000
__Hram                     ram          0000
__Hreset_vec               reset_vec    0003
__Hsfr0                    sfr0         0000
__Hsfr1                    sfr1         0000
__Hsfr2                    sfr2         0000
__Hsfr3                    sfr3         0000
__Hspace_0                 (abs)        2000
__Hspace_1                 (abs)        00DB
__Hspace_2                 (abs)        0000
__Hspace_3                 (abs)        0000
__Hspace_4                 (abs)        4010
__Hstack                   stack        0000
__Hstrings                 strings      0000
__Htext                    text         0000
__Labs1                    abs1         0000
__Lbank0                   bank0        0000
__Lbank1                   bank1        0000
__Lbank2                   bank2        0000
__Lbank3                   bank3        0000
__LbssBANK1                bssBANK1     0000
__Lcinit                   cinit        000F
__Lclrtext                 clrtext      0000
__Lcode                    code         0000
__Lcommon                  common       0000
__Lconfig                  config       0000
__LcstackBANK0             cstackBANK0  0000
__LcstackBANK1             cstackBANK1  0000
__LcstackCOMMON            cstackCOMMON 0000
__Leeprom_data             eeprom_data  0000
__Lend_init                end_init     000C
__Lfunctab                 functab      0000
__Linit                    init         000C
__Lintentry                intentry     0004
__Lmaintext                maintext     0000
__Lpowerup                 powerup      0000
__Lram                     ram          0000
__Lreset_vec               reset_vec    0000
__Lsfr0                    sfr0         0000
__Lsfr1                    sfr1         0000
__Lsfr2                    sfr2         0000
__Lsfr3                    sfr3         0000
__Lspace_0                 (abs)        0000
__Lspace_1                 (abs)        0000
__Lspace_2                 (abs)        0000
__Lspace_3                 (abs)        0000
__Lspace_4                 (abs)        0000
__Lstack                   stack        0000
__Lstrings                 strings      0000
__Ltext                    text         0000
__S0                       (abs)        2000
__S1                       (abs)        00DB
__S2                       (abs)        0000
__S3                       (abs)        0000
__Umul8_16                 text11       1C1E
__Umul8_16@multiplicand    cstackCOMMON 0074
__Umul8_16@multiplier      cstackBANK0  0024
__Umul8_16@product         cstackBANK0  0020
__Umul8_16@word_mpld       cstackBANK0  0022
___awdiv                   text5        1E02
___awdiv@counter           cstackBANK0  0027
___awdiv@dividend          cstackBANK0  0024
___awdiv@divisor           cstackBANK0  0022
___awdiv@quotient          cstackBANK0  0029
___awdiv@sign              cstackBANK0  0028
___awmod                   text4        1DA7
___awmod@counter           cstackBANK0  0020
___awmod@dividend          cstackCOMMON 0076
___awmod@divisor           cstackCOMMON 0074
___awmod@sign              cstackBANK0  0021
___fladd                   text20       1578
___fladd@a                 cstackBANK0  005D
___fladd@aexp              cstackBANK0  006A
___fladd@b                 cstackBANK0  0059
___fladd@bexp              cstackBANK0  006B
___fladd@grs               cstackBANK0  006C
___fladd@signs             cstackBANK0  0069
___fleq                    text23       1D07
___fleq@ff1                cstackBANK0  0020
___fleq@ff2                cstackBANK0  0024
___flge                    text22       1F5C
___flge@ff1                cstackBANK0  0020
___flge@ff2                cstackBANK0  0024
___flmul                   text10       093C
___flmul@a                 cstackBANK0  002F
___flmul@aexp              cstackBANK0  003D
___flmul@b                 cstackBANK0  002B
___flmul@bexp              cstackBANK0  003E
___flmul@grs               cstackBANK0  0039
___flmul@prod              cstackBANK0  003F
___flmul@sign              cstackBANK0  0038
___flmul@temp              cstackBANK0  0043
___flneg                   text21       1B49
___flneg@f1                cstackCOMMON 0074
___flsub                   text19       1D57
___flsub@a                 cstackBANK1  00A0
___flsub@b                 cstackBANK1  00A4
___fltol                   text18       1EE0
___fltol@exp1              cstackBANK0  0062
___fltol@f1                cstackBANK0  0058
___fltol@sign1             cstackBANK0  0061
___int_sp                  stack        0000
___latbits                 (abs)        0002
___lldiv                   text17       10CC
___lldiv@counter           cstackCOMMON 0079
___lldiv@dividend          cstackBANK0  0024
___lldiv@divisor           cstackBANK0  0020
___lldiv@quotient          cstackCOMMON 0075
___llmod                   text16       07A8
___llmod@counter           cstackCOMMON 0075
___llmod@dividend          cstackBANK0  0024
___llmod@divisor           cstackBANK0  0020
___lwdiv                   text9        1CC1
___lwdiv@counter           cstackBANK0  0027
___lwdiv@dividend          cstackBANK0  0022
___lwdiv@divisor           cstackBANK0  0020
___lwdiv@quotient          cstackBANK0  0025
___lwmod                   text8        0805
___lwmod@counter           cstackCOMMON 0079
___lwmod@dividend          cstackCOMMON 0076
___lwmod@divisor           cstackCOMMON 0074
___sp                      stack        0000
___stackhi                 (abs)        0000
___stacklo                 (abs)        0000
___wmul                    text15       1BD3
___wmul@multiplicand       cstackCOMMON 0076
___wmul@multiplier         cstackCOMMON 0074
___wmul@product            cstackCOMMON 0078
___xxtofl                  text14       1134
___xxtofl@arg              cstackBANK0  0035
___xxtofl@exp              cstackBANK0  0034
___xxtofl@sign             cstackBANK0  0033
___xxtofl@val              cstackBANK0  002B
__div_to_l_                text13       12AD
__div_to_l_@cntr           cstackBANK0  002C
__div_to_l_@exp1           cstackBANK0  002D
__div_to_l_@f1             cstackBANK0  0020
__div_to_l_@f2             cstackBANK0  0024
__div_to_l_@quot           cstackBANK0  0028
__end_of_ISR               text31       1BD3
__end_of_Lcd_Clear         text29       1B61
__end_of_Lcd_Cmd           text30       1B96
__end_of_Lcd_Init          text28       1C7D
__end_of_Lcd_Set_Cursor    text26       1C1E
__end_of_Lcd_Write_Char    text25       1B71
__end_of_Lcd_Write_String  text24       1CC1
__end_of__Umul8_16         text11       1C47
__end_of___awdiv           text5        1E6B
__end_of___awmod           text4        1E02
__end_of___fladd           text20       1800
__end_of___fleq            text23       1D57
__end_of___flge            text22       2000
__end_of___flmul           text10       0C9D
__end_of___flneg           text21       1B54
__end_of___flsub           text19       1DA7
__end_of___fltol           text18       1F5C
__end_of___lldiv           text17       1134
__end_of___llmod           text16       07FE
__end_of___lwdiv           text9        1D07
__end_of___lwmod           text8        083F
__end_of___wmul            text15       1BF8
__end_of___xxtofl          text14       11F0
__end_of__div_to_l_        text13       136B
__end_of__initialization   cinit        001E
__end_of__npowers_         strings      1078
__end_of__powers_          strings      1044
__end_of__stringtab        strings      1010
__end_of__tdiv_to_l_       text12       12AD
__end_of_config            text27       1BB1
__end_of_conversion        text1        093C
__end_of_dpowers           strings      10A0
__end_of_fround            text7        1578
__end_of_isdigit           text6        1B83
__end_of_main              maintext     1EE0
__end_of_scale             text3        1000
__end_of_sprintf           text2        07A8
__initialization           cinit        000F
__npowers_                 strings      1044
__pbssBANK1                bssBANK1     00CE
__pcstackBANK0             cstackBANK0  0020
__pcstackBANK1             cstackBANK1  00A0
__pcstackCOMMON            cstackCOMMON 0070
__pintentry                intentry     0004
__pmaintext                maintext     1E6B
__powers_                  strings      1010
__pstrings                 strings      1000
__ptext1                   text1        083F
__ptext10                  text10       093C
__ptext11                  text11       1C1E
__ptext12                  text12       11F0
__ptext13                  text13       12AD
__ptext14                  text14       1134
__ptext15                  text15       1BD3
__ptext16                  text16       07A8
__ptext17                  text17       10CC
__ptext18                  text18       1EE0
__ptext19                  text19       1D57
__ptext2                   text2        0022
__ptext20                  text20       1578
__ptext21                  text21       1B49
__ptext22                  text22       1F5C
__ptext23                  text23       1D07
__ptext24                  text24       1C7D
__ptext25                  text25       1B61
__ptext26                  text26       1BF8
__ptext27                  text27       1B96
__ptext28                  text28       1C47
__ptext29                  text29       1B54
__ptext3                   text3        0C9D
__ptext30                  text30       1B83
__ptext31                  text31       1BB1
__ptext4                   text4        1DA7
__ptext5                   text5        1E02
__ptext6                   text6        1B71
__ptext7                   text7        136B
__ptext8                   text8        0805
__ptext9                   text9        1CC1
__size_of_ISR              (abs)        0000
__size_of_Lcd_Clear        (abs)        0000
__size_of_Lcd_Cmd          (abs)        0000
__size_of_Lcd_Init         (abs)        0000
__size_of_Lcd_Set_Cursor   (abs)        0000
__size_of_Lcd_Write_Char   (abs)        0000
__size_of_Lcd_Write_String (abs)        0000
__size_of__Umul8_16        (abs)        0000
__size_of___awdiv          (abs)        0000
__size_of___awmod          (abs)        0000
__size_of___fladd          (abs)        0000
__size_of___fleq           (abs)        0000
__size_of___flge           (abs)        0000
__size_of___flmul          (abs)        0000
__size_of___flneg          (abs)        0000
__size_of___flsub          (abs)        0000
__size_of___fltol          (abs)        0000
__size_of___lldiv          (abs)        0000
__size_of___llmod          (abs)        0000
__size_of___lwdiv          (abs)        0000
__size_of___lwmod          (abs)        0000
__size_of___wmul           (abs)        0000
__size_of___xxtofl         (abs)        0000
__size_of__div_to_l_       (abs)        0000
__size_of__tdiv_to_l_      (abs)        0000
__size_of_config           (abs)        0000
__size_of_conversion       (abs)        0000
__size_of_fround           (abs)        0000
__size_of_isdigit          (abs)        0000
__size_of_main             (abs)        0000
__size_of_scale            (abs)        0000
__size_of_sprintf          (abs)        0000
__stringbase               strings      100F
__stringtab                strings      1000
__tdiv_to_l_               text12       11F0
__tdiv_to_l_@cntr          cstackBANK0  002C
__tdiv_to_l_@exp1          cstackBANK0  002D
__tdiv_to_l_@f1            cstackBANK0  0020
__tdiv_to_l_@f2            cstackBANK0  0024
__tdiv_to_l_@quot          cstackBANK0  0028
_b                         bssBANK1     00D6
_buffer                    bssBANK1     00DA
_c                         bssBANK1     00D8
_config                    text27       1B96
_conversion                text1        083F
_dpowers                   strings      1078
_fround                    text7        136B
_fround$985                cstackBANK0  0054
_fround$986                cstackBANK0  0050
_isdigit                   text6        1B71
_isdigit$802               cstackCOMMON 0074
_main                      maintext     1E6B
_scale                     text3        0C9D
_scale$987                 cstackBANK0  0053
_sprintf                   text2        0022
_sprintf$988               cstackBANK1  00B2
_vpot1                     bssBANK1     00D2
_vpot2                     bssBANK1     00CE
btemp                      (abs)        007E
conversion@puertoANL       cstackBANK0  006E
end_of_initialization      cinit        001E
fround@prec                cstackBANK0  0058
interrupt_function         intentry     0004
intlevel0                  functab      0000
intlevel1                  functab      0000
intlevel2                  functab      0000
intlevel3                  functab      0000
intlevel4                  functab      0000
intlevel5                  functab      0000
isdigit@c                  cstackCOMMON 0075
reset_vec                  reset_vec    0000
saved_w                    (abs)        007E
scale@scl                  cstackBANK0  0057
sprintf@ap                 cstackBANK1  00B6
sprintf@c                  cstackBANK1  00CA
sprintf@eexp               cstackBANK1  00BD
sprintf@f                  cstackBANK1  00A8
sprintf@flag               cstackBANK1  00B7
sprintf@fval               cstackBANK1  00C6
sprintf@prec               cstackBANK1  00C4
sprintf@sp                 cstackBANK1  00C3
sprintf@tmpval             cstackBANK1  00BF
sprintf@val                cstackBANK1  00B9
start                      init         000C
start_initialization       cinit        000F
wtemp0                     (abs)        007E


FUNCTION INFORMATION:

 *************** function _main *****************
 Defined at:
		line 46 in file "lab3.c"
 Parameters:    Size  Location     Type
		None
 Auto vars:     Size  Location     Type
		None
 Return value:  Size  Location     Type
                  1    wreg      void 
 Registers used:
		wreg, fsr0l, fsr0h, status,2, status,0, btemp+1, pclath, cstack
 Tracked objects:
		On entry : 
		On exit  : 
		Unchanged: 
 Data sizes:     COMMON   BANK0   BANK1   BANK3   BANK2
      Params:         0       0       0       0       0
      Locals:         0       0       0       0       0
      Temps:          0       0       3       0       0
      Totals:         0       0       3       0       0
Total ram usage:        3 bytes
 Hardware stack levels required when called:    6
 This function calls:
		_Lcd_Clear
		_Lcd_Init
		_Lcd_Set_Cursor
		_Lcd_Write_String
		_config
		_conversion
 This function is called by:
		Startup code after reset
 This function uses a non-reentrant model


 *************** function _conversion *****************
 Defined at:
		line 70 in file "lab3.c"
 Parameters:    Size  Location     Type
  puertoANL       1    wreg     unsigned char 
 Auto vars:     Size  Location     Type
  puertoANL       1   78[BANK0 ] unsigned char 
 Return value:  Size  Location     Type
                  1    wreg      void 
 Registers used:
		wreg, fsr0l, fsr0h, status,2, status,0, btemp+1, pclath, cstack
 Tracked objects:
		On entry : 
		On exit  : 
		Unchanged: 
 Data sizes:     COMMON   BANK0   BANK1   BANK3   BANK2
      Params:         0       0       0       0       0
      Locals:         0       1       0       0       0
      Temps:          0       1       0       0       0
      Totals:         0       2       0       0       0
Total ram usage:        2 bytes
 Hardware stack levels used:    1
 Hardware stack levels required when called:    5
 This function calls:
		_Lcd_Set_Cursor
		_Lcd_Write_String
		___awdiv
		___wmul
		___xxtofl
		_sprintf
 This function is called by:
		_main
 This function uses a non-reentrant model


 *************** function _sprintf *****************
 Defined at:
		line 505 in file "C:\Program Files\Microchip\xc8\v2.31\pic\sources\c90\common\doprnt.c"
 Parameters:    Size  Location     Type
  sp              1    wreg     PTR unsigned char 
		 -> buffer(1), 
  f               1    8[BANK1 ] PTR const unsigned char 
		 -> STR_6(5), STR_5(5), 
 Auto vars:     Size  Location     Type
  sp              1   35[BANK1 ] PTR unsigned char 
		 -> buffer(1), 
  fval            4   38[BANK1 ] PTR unsigned char 
  tmpval          4   31[BANK1 ] struct .
  val             4   25[BANK1 ] unsigned long 
  prec            2   36[BANK1 ] int 
  eexp            2   29[BANK1 ] int 
  flag            2   23[BANK1 ] unsigned short 
  cp              2    0        PTR const unsigned char 
  len             2    0        unsigned int 
  width           2    0        int 
  c               1   42[BANK1 ] unsigned char 
  ap              1   22[BANK1 ] PTR void [1]
		 -> ?_sprintf(2), 
  d               1    0        unsigned char 
 Return value:  Size  Location     Type
                  2    8[BANK1 ] int 
 Registers used:
		wreg, fsr0l, fsr0h, status,2, status,0, btemp+1, pclath, cstack
 Tracked objects:
		On entry : 
		On exit  : 
		Unchanged: 
 Data sizes:     COMMON   BANK0   BANK1   BANK3   BANK2
      Params:         0       0       5       0       0
      Locals:         0       0      25       0       0
      Temps:          0       0       5       0       0
      Totals:         0       0      35       0       0
Total ram usage:       35 bytes
 Hardware stack levels used:    1
 Hardware stack levels required when called:    4
 This function calls:
		___awdiv
		___fladd
		___fleq
		___flge
		___flmul
		___flneg
		___flsub
		___fltol
		___lldiv
		___llmod
		___wmul
		___xxtofl
		__div_to_l_
		__tdiv_to_l_
		_fround
		_isdigit
		_scale
 This function is called by:
		_conversion
 This function uses a non-reentrant model


 *************** function _scale *****************
 Defined at:
		line 433 in file "C:\Program Files\Microchip\xc8\v2.31\pic\sources\c90\common\doprnt.c"
 Parameters:    Size  Location     Type
  scl             1    wreg     char 
 Auto vars:     Size  Location     Type
  scl             1   55[BANK0 ] char 
 Return value:  Size  Location     Type
                  4   37[BANK0 ] char 
 Registers used:
		wreg, fsr0l, fsr0h, status,2, status,0, btemp+1, pclath, cstack
 Tracked objects:
		On entry : 
		On exit  : 
		Unchanged: 
 Data sizes:     COMMON   BANK0   BANK1   BANK3   BANK2
      Params:         0       4       0       0       0
      Locals:         0       5       0       0       0
      Temps:          0      10       0       0       0
      Totals:         0      19       0       0       0
Total ram usage:       19 bytes
 Hardware stack levels used:    1
 Hardware stack levels required when called:    3
 This function calls:
		___awdiv
		___awmod
		___flmul
 This function is called by:
		_sprintf
 This function uses a non-reentrant model


 *************** function ___awmod *****************
 Defined at:
		line 5 in file "C:\Program Files\Microchip\xc8\v2.31\pic\sources\c90\common\awmod.c"
 Parameters:    Size  Location     Type
  divisor         2    4[COMMON] int 
  dividend        2    6[COMMON] int 
 Auto vars:     Size  Location     Type
  sign            1    1[BANK0 ] unsigned char 
  counter         1    0[BANK0 ] unsigned char 
 Return value:  Size  Location     Type
                  2    4[COMMON] int 
 Registers used:
		wreg, status,2, status,0
 Tracked objects:
		On entry : 
		On exit  : 
		Unchanged: 
 Data sizes:     COMMON   BANK0   BANK1   BANK3   BANK2
      Params:         4       0       0       0       0
      Locals:         0       2       0       0       0
      Temps:          1       0       0       0       0
      Totals:         5       2       0       0       0
Total ram usage:        7 bytes
 Hardware stack levels used:    1
 Hardware stack levels required when called:    1
 This function calls:
		Nothing
 This function is called by:
		_scale
 This function uses a non-reentrant model


 *************** function ___awdiv *****************
 Defined at:
		line 5 in file "C:\Program Files\Microchip\xc8\v2.31\pic\sources\c90\common\awdiv.c"
 Parameters:    Size  Location     Type
  divisor         2    2[BANK0 ] int 
  dividend        2    4[BANK0 ] int 
 Auto vars:     Size  Location     Type
  quotient        2    9[BANK0 ] int 
  sign            1    8[BANK0 ] unsigned char 
  counter         1    7[BANK0 ] unsigned char 
 Return value:  Size  Location     Type
                  2    2[BANK0 ] int 
 Registers used:
		wreg, status,2, status,0
 Tracked objects:
		On entry : 
		On exit  : 
		Unchanged: 
 Data sizes:     COMMON   BANK0   BANK1   BANK3   BANK2
      Params:         0       4       0       0       0
      Locals:         0       4       0       0       0
      Temps:          0       1       0       0       0
      Totals:         0       9       0       0       0
Total ram usage:        9 bytes
 Hardware stack levels used:    1
 Hardware stack levels required when called:    1
 This function calls:
		Nothing
 This function is called by:
		_conversion
		_scale
		_sprintf
 This function uses a non-reentrant model


 *************** function _isdigit *****************
 Defined at:
		line 8 in file "C:\Program Files\Microchip\xc8\v2.31\pic\sources\c90\common\isdigit.c"
 Parameters:    Size  Location     Type
  c               1    wreg     unsigned char 
 Auto vars:     Size  Location     Type
  c               1    5[COMMON] unsigned char 
 Return value:  Size  Location     Type
		None               void
 Registers used:
		wreg, status,2, status,0
 Tracked objects:
		On entry : 
		On exit  : 
		Unchanged: 
 Data sizes:     COMMON   BANK0   BANK1   BANK3   BANK2
      Params:         0       0       0       0       0
      Locals:         2       0       0       0       0
      Temps:          0       0       0       0       0
      Totals:         2       0       0       0       0
Total ram usage:        2 bytes
 Hardware stack levels used:    1
 Hardware stack levels required when called:    1
 This function calls:
		Nothing
 This function is called by:
		_sprintf
 This function uses a non-reentrant model


 *************** function _fround *****************
 Defined at:
		line 417 in file "C:\Program Files\Microchip\xc8\v2.31\pic\sources\c90\common\doprnt.c"
 Parameters:    Size  Location     Type
  prec            1    wreg     unsigned char 
 Auto vars:     Size  Location     Type
  prec            1   56[BANK0 ] unsigned char 
 Return value:  Size  Location     Type
                  4   37[BANK0 ] unsigned char 
 Registers used:
		wreg, fsr0l, fsr0h, status,2, status,0, btemp+1, pclath, cstack
 Tracked objects:
		On entry : 
		On exit  : 
		Unchanged: 
 Data sizes:     COMMON   BANK0   BANK1   BANK3   BANK2
      Params:         0       4       0       0       0
      Locals:         0       9       0       0       0
      Temps:          0       7       0       0       0
      Totals:         0      20       0       0       0
Total ram usage:       20 bytes
 Hardware stack levels used:    1
 Hardware stack levels required when called:    3
 This function calls:
		___flmul
		___lwdiv
		___lwmod
 This function is called by:
		_sprintf
 This function uses a non-reentrant model


 *************** function ___lwmod *****************
 Defined at:
		line 5 in file "C:\Program Files\Microchip\xc8\v2.31\pic\sources\c90\common\lwmod.c"
 Parameters:    Size  Location     Type
  divisor         2    4[COMMON] unsigned int 
  dividend        2    6[COMMON] unsigned int 
 Auto vars:     Size  Location     Type
  counter         1    9[COMMON] unsigned char 
 Return value:  Size  Location     Type
                  2    4[COMMON] unsigned int 
 Registers used:
		wreg, status,2, status,0
 Tracked objects:
		On entry : 
		On exit  : 
		Unchanged: 
 Data sizes:     COMMON   BANK0   BANK1   BANK3   BANK2
      Params:         4       0       0       0       0
      Locals:         1       0       0       0       0
      Temps:          1       0       0       0       0
      Totals:         6       0       0       0       0
Total ram usage:        6 bytes
 Hardware stack levels used:    1
 Hardware stack levels required when called:    1
 This function calls:
		Nothing
 This function is called by:
		_fround
 This function uses a non-reentrant model


 *************** function ___lwdiv *****************
 Defined at:
		line 5 in file "C:\Program Files\Microchip\xc8\v2.31\pic\sources\c90\common\lwdiv.c"
 Parameters:    Size  Location     Type
  divisor         2    0[BANK0 ] unsigned int 
  dividend        2    2[BANK0 ] unsigned int 
 Auto vars:     Size  Location     Type
  quotient        2    5[BANK0 ] unsigned int 
  counter         1    7[BANK0 ] unsigned char 
 Return value:  Size  Location     Type
                  2    0[BANK0 ] unsigned int 
 Registers used:
		wreg, status,2, status,0
 Tracked objects:
		On entry : 
		On exit  : 
		Unchanged: 
 Data sizes:     COMMON   BANK0   BANK1   BANK3   BANK2
      Params:         0       4       0       0       0
      Locals:         0       3       0       0       0
      Temps:          0       1       0       0       0
      Totals:         0       8       0       0       0
Total ram usage:        8 bytes
 Hardware stack levels used:    1
 Hardware stack levels required when called:    1
 This function calls:
		Nothing
 This function is called by:
		_fround
 This function uses a non-reentrant model


 *************** function ___flmul *****************
 Defined at:
		line 8 in file "C:\Program Files\Microchip\xc8\v2.31\pic\sources\c90\common\sprcmul.c"
 Parameters:    Size  Location     Type
  b               4   11[BANK0 ] unsigned int 
  a               4   15[BANK0 ] unsigned int 
 Auto vars:     Size  Location     Type
  prod            4   31[BANK0 ] struct .
  grs             4   25[BANK0 ] unsigned long 
  temp            2   35[BANK0 ] struct .
  bexp            1   30[BANK0 ] unsigned char 
  aexp            1   29[BANK0 ] unsigned char 
  sign            1   24[BANK0 ] unsigned char 
 Return value:  Size  Location     Type
                  4   11[BANK0 ] unsigned char 
 Registers used:
		wreg, status,2, status,0, btemp+1, pclath, cstack
 Tracked objects:
		On entry : 
		On exit  : 
		Unchanged: 
 Data sizes:     COMMON   BANK0   BANK1   BANK3   BANK2
      Params:         0       8       0       0       0
      Locals:         0      13       0       0       0
      Temps:          0       5       0       0       0
      Totals:         0      26       0       0       0
Total ram usage:       26 bytes
 Hardware stack levels used:    1
 Hardware stack levels required when called:    2
 This function calls:
		__Umul8_16
 This function is called by:
		_fround
		_scale
		_sprintf
 This function uses a non-reentrant model


 *************** function __Umul8_16 *****************
 Defined at:
		line 4 in file "C:\Program Files\Microchip\xc8\v2.31\pic\sources\c90\common\Umul8_16.c"
 Parameters:    Size  Location     Type
  multiplier      1    wreg     unsigned char 
  multiplicand    1    4[COMMON] unsigned char 
 Auto vars:     Size  Location     Type
  multiplier      1    4[BANK0 ] unsigned char 
  word_mpld       2    2[BANK0 ] unsigned int 
  product         2    0[BANK0 ] unsigned int 
 Return value:  Size  Location     Type
                  2    4[COMMON] unsigned int 
 Registers used:
		wreg, status,2, status,0
 Tracked objects:
		On entry : 
		On exit  : 
		Unchanged: 
 Data sizes:     COMMON   BANK0   BANK1   BANK3   BANK2
      Params:         2       0       0       0       0
      Locals:         0       5       0       0       0
      Temps:          2       0       0       0       0
      Totals:         4       5       0       0       0
Total ram usage:        9 bytes
 Hardware stack levels used:    1
 Hardware stack levels required when called:    1
 This function calls:
		Nothing
 This function is called by:
		___flmul
 This function uses a non-reentrant model


 *************** function __tdiv_to_l_ *****************
 Defined at:
		line 60 in file "C:\Program Files\Microchip\xc8\v2.31\pic\sources\c90\common\ftdivl.c"
 Parameters:    Size  Location     Type
  f1              4    0[BANK0 ] float 
  f2              4    4[BANK0 ] float 
 Auto vars:     Size  Location     Type
  quot            4    8[BANK0 ] unsigned long 
  exp1            1   13[BANK0 ] unsigned char 
  cntr            1   12[BANK0 ] unsigned char 
 Return value:  Size  Location     Type
                  4    0[BANK0 ] unsigned long 
 Registers used:
		wreg, status,2, status,0
 Tracked objects:
		On entry : 
		On exit  : 
		Unchanged: 
 Data sizes:     COMMON   BANK0   BANK1   BANK3   BANK2
      Params:         0       8       0       0       0
      Locals:         0       6       0       0       0
      Temps:          4       0       0       0       0
      Totals:         4      14       0       0       0
Total ram usage:       18 bytes
 Hardware stack levels used:    1
 Hardware stack levels required when called:    1
 This function calls:
		Nothing
 This function is called by:
		_sprintf
 This function uses a non-reentrant model


 *************** function __div_to_l_ *****************
 Defined at:
		line 60 in file "C:\Program Files\Microchip\xc8\v2.31\pic\sources\c90\common\fldivl.c"
 Parameters:    Size  Location     Type
  f1              4    0[BANK0 ] unsigned long 
  f2              4    4[BANK0 ] unsigned long 
 Auto vars:     Size  Location     Type
  quot            4    8[BANK0 ] unsigned long 
  exp1            1   13[BANK0 ] unsigned char 
  cntr            1   12[BANK0 ] unsigned char 
 Return value:  Size  Location     Type
                  4    0[BANK0 ] unsigned long 
 Registers used:
		wreg, status,2, status,0
 Tracked objects:
		On entry : 
		On exit  : 
		Unchanged: 
 Data sizes:     COMMON   BANK0   BANK1   BANK3   BANK2
      Params:         0       8       0       0       0
      Locals:         0       6       0       0       0
      Temps:          1       0       0       0       0
      Totals:         1      14       0       0       0
Total ram usage:       15 bytes
 Hardware stack levels used:    1
 Hardware stack levels required when called:    1
 This function calls:
		Nothing
 This function is called by:
		_sprintf
 This function uses a non-reentrant model


 *************** function ___xxtofl *****************
 Defined at:
		line 10 in file "C:\Program Files\Microchip\xc8\v2.31\pic\sources\c90\common\xxtofl.c"
 Parameters:    Size  Location     Type
  sign            1    wreg     unsigned char 
  val             4   11[BANK0 ] long 
 Auto vars:     Size  Location     Type
  sign            1   19[BANK0 ] unsigned char 
  arg             4   21[BANK0 ] unsigned long 
  exp             1   20[BANK0 ] unsigned char 
 Return value:  Size  Location     Type
                  4   11[BANK0 ] unsigned char 
 Registers used:
		wreg, status,2, status,0
 Tracked objects:
		On entry : 
		On exit  : 
		Unchanged: 
 Data sizes:     COMMON   BANK0   BANK1   BANK3   BANK2
      Params:         0       4       0       0       0
      Locals:         0       6       0       0       0
      Temps:          0       4       0       0       0
      Totals:         0      14       0       0       0
Total ram usage:       14 bytes
 Hardware stack levels used:    1
 Hardware stack levels required when called:    1
 This function calls:
		Nothing
 This function is called by:
		_conversion
		_sprintf
 This function uses a non-reentrant model


 *************** function ___wmul *****************
 Defined at:
		line 15 in file "C:\Program Files\Microchip\xc8\v2.31\pic\sources\c90\common\Umul16.c"
 Parameters:    Size  Location     Type
  multiplier      2    4[COMMON] unsigned int 
  multiplicand    2    6[COMMON] unsigned int 
 Auto vars:     Size  Location     Type
  product         2    8[COMMON] unsigned int 
 Return value:  Size  Location     Type
                  2    4[COMMON] unsigned int 
 Registers used:
		wreg, status,2, status,0
 Tracked objects:
		On entry : 
		On exit  : 
		Unchanged: 
 Data sizes:     COMMON   BANK0   BANK1   BANK3   BANK2
      Params:         4       0       0       0       0
      Locals:         2       0       0       0       0
      Temps:          0       0       0       0       0
      Totals:         6       0       0       0       0
Total ram usage:        6 bytes
 Hardware stack levels used:    1
 Hardware stack levels required when called:    1
 This function calls:
		Nothing
 This function is called by:
		_conversion
		_sprintf
 This function uses a non-reentrant model


 *************** function ___llmod *****************
 Defined at:
		line 5 in file "C:\Program Files\Microchip\xc8\v2.31\pic\sources\c90\common\llmod.c"
 Parameters:    Size  Location     Type
  divisor         4    0[BANK0 ] unsigned long 
  dividend        4    4[BANK0 ] unsigned long 
 Auto vars:     Size  Location     Type
  counter         1    5[COMMON] unsigned char 
 Return value:  Size  Location     Type
                  4    0[BANK0 ] unsigned long 
 Registers used:
		wreg, status,2, status,0
 Tracked objects:
		On entry : 
		On exit  : 
		Unchanged: 
 Data sizes:     COMMON   BANK0   BANK1   BANK3   BANK2
      Params:         0       8       0       0       0
      Locals:         1       0       0       0       0
      Temps:          1       0       0       0       0
      Totals:         2       8       0       0       0
Total ram usage:       10 bytes
 Hardware stack levels used:    1
 Hardware stack levels required when called:    1
 This function calls:
		Nothing
 This function is called by:
		_sprintf
 This function uses a non-reentrant model


 *************** function ___lldiv *****************
 Defined at:
		line 5 in file "C:\Program Files\Microchip\xc8\v2.31\pic\sources\c90\common\__lldiv.c"
 Parameters:    Size  Location     Type
  divisor         4    0[BANK0 ] unsigned long 
  dividend        4    4[BANK0 ] unsigned long 
 Auto vars:     Size  Location     Type
  quotient        4    5[COMMON] unsigned long 
  counter         1    9[COMMON] unsigned char 
 Return value:  Size  Location     Type
                  4    0[BANK0 ] unsigned long 
 Registers used:
		wreg, status,2, status,0
 Tracked objects:
		On entry : 
		On exit  : 
		Unchanged: 
 Data sizes:     COMMON   BANK0   BANK1   BANK3   BANK2
      Params:         0       8       0       0       0
      Locals:         5       0       0       0       0
      Temps:          1       0       0       0       0
      Totals:         6       8       0       0       0
Total ram usage:       14 bytes
 Hardware stack levels used:    1
 Hardware stack levels required when called:    1
 This function calls:
		Nothing
 This function is called by:
		_sprintf
 This function uses a non-reentrant model


 *************** function ___fltol *****************
 Defined at:
		line 43 in file "C:\Program Files\Microchip\xc8\v2.31\pic\sources\c90\common\fltol.c"
 Parameters:    Size  Location     Type
  f1              4   56[BANK0 ] unsigned long 
 Auto vars:     Size  Location     Type
  exp1            1   66[BANK0 ] unsigned char 
  sign1           1   65[BANK0 ] unsigned char 
 Return value:  Size  Location     Type
                  4   56[BANK0 ] long 
 Registers used:
		wreg, status,2, status,0
 Tracked objects:
		On entry : 
		On exit  : 
		Unchanged: 
 Data sizes:     COMMON   BANK0   BANK1   BANK3   BANK2
      Params:         0       4       0       0       0
      Locals:         0       2       0       0       0
      Temps:          0       5       0       0       0
      Totals:         0      11       0       0       0
Total ram usage:       11 bytes
 Hardware stack levels used:    1
 Hardware stack levels required when called:    1
 This function calls:
		Nothing
 This function is called by:
		_sprintf
 This function uses a non-reentrant model


 *************** function ___flsub *****************
 Defined at:
		line 242 in file "C:\Program Files\Microchip\xc8\v2.31\pic\sources\c90\common\sprcadd.c"
 Parameters:    Size  Location     Type
  a               4    0[BANK1 ] long 
  b               4    4[BANK1 ] long 
 Auto vars:     Size  Location     Type
		None
 Return value:  Size  Location     Type
                  4    0[BANK1 ] long 
 Registers used:
		wreg, status,2, status,0, btemp+1, pclath, cstack
 Tracked objects:
		On entry : 
		On exit  : 
		Unchanged: 
 Data sizes:     COMMON   BANK0   BANK1   BANK3   BANK2
      Params:         0       0       8       0       0
      Locals:         0       0       0       0       0
      Temps:          0       0       0       0       0
      Totals:         0       0       8       0       0
Total ram usage:        8 bytes
 Hardware stack levels used:    1
 Hardware stack levels required when called:    2
 This function calls:
		___fladd
 This function is called by:
		_sprintf
 This function uses a non-reentrant model


 *************** function ___fladd *****************
 Defined at:
		line 10 in file "C:\Program Files\Microchip\xc8\v2.31\pic\sources\c90\common\sprcadd.c"
 Parameters:    Size  Location     Type
  b               4   57[BANK0 ] long 
  a               4   61[BANK0 ] long 
 Auto vars:     Size  Location     Type
  grs             1   76[BANK0 ] unsigned char 
  bexp            1   75[BANK0 ] unsigned char 
  aexp            1   74[BANK0 ] unsigned char 
  signs           1   73[BANK0 ] unsigned char 
 Return value:  Size  Location     Type
                  4   57[BANK0 ] unsigned char 
 Registers used:
		wreg, status,2, status,0, btemp+1
 Tracked objects:
		On entry : 
		On exit  : 
		Unchanged: 
 Data sizes:     COMMON   BANK0   BANK1   BANK3   BANK2
      Params:         0       8       0       0       0
      Locals:         0       4       0       0       0
      Temps:          0       8       0       0       0
      Totals:         0      20       0       0       0
Total ram usage:       20 bytes
 Hardware stack levels used:    1
 Hardware stack levels required when called:    1
 This function calls:
		Nothing
 This function is called by:
		_sprintf
		___flsub
 This function uses a non-reentrant model


 *************** function ___flneg *****************
 Defined at:
		line 15 in file "C:\Program Files\Microchip\xc8\v2.31\pic\sources\c90\common\flneg.c"
 Parameters:    Size  Location     Type
  f1              4    4[COMMON] unsigned char 
 Auto vars:     Size  Location     Type
		None
 Return value:  Size  Location     Type
                  4    4[COMMON] unsigned char 
 Registers used:
		wreg
 Tracked objects:
		On entry : 
		On exit  : 
		Unchanged: 
 Data sizes:     COMMON   BANK0   BANK1   BANK3   BANK2
      Params:         4       0       0       0       0
      Locals:         0       0       0       0       0
      Temps:          0       0       0       0       0
      Totals:         4       0       0       0       0
Total ram usage:        4 bytes
 Hardware stack levels used:    1
 Hardware stack levels required when called:    1
 This function calls:
		Nothing
 This function is called by:
		_sprintf
 This function uses a non-reentrant model


 *************** function ___flge *****************
 Defined at:
		line 4 in file "C:\Program Files\Microchip\xc8\v2.31\pic\sources\c90\common\flge.c"
 Parameters:    Size  Location     Type
  ff1             4    0[BANK0 ] unsigned char 
  ff2             4    4[BANK0 ] unsigned char 
 Auto vars:     Size  Location     Type
		None
 Return value:  Size  Location     Type
		None               void
 Registers used:
		wreg, status,2, status,0
 Tracked objects:
		On entry : 
		On exit  : 
		Unchanged: 
 Data sizes:     COMMON   BANK0   BANK1   BANK3   BANK2
      Params:         0       8       0       0       0
      Locals:         0       0       0       0       0
      Temps:          4       0       0       0       0
      Totals:         4       8       0       0       0
Total ram usage:       12 bytes
 Hardware stack levels used:    1
 Hardware stack levels required when called:    1
 This function calls:
		Nothing
 This function is called by:
		_sprintf
 This function uses a non-reentrant model


 *************** function ___fleq *****************
 Defined at:
		line 4 in file "C:\Program Files\Microchip\xc8\v2.31\pic\sources\c90\common\fleq.c"
 Parameters:    Size  Location     Type
  ff1             4    0[BANK0 ] unsigned char 
  ff2             4    4[BANK0 ] unsigned char 
 Auto vars:     Size  Location     Type
		None
 Return value:  Size  Location     Type
		None               void
 Registers used:
		wreg, status,2, status,0
 Tracked objects:
		On entry : 
		On exit  : 
		Unchanged: 
 Data sizes:     COMMON   BANK0   BANK1   BANK3   BANK2
      Params:         0       8       0       0       0
      Locals:         0       0       0       0       0
      Temps:          4       0       0       0       0
      Totals:         4       8       0       0       0
Total ram usage:       12 bytes
 Hardware stack levels used:    1
 Hardware stack levels required when called:    1
 This function calls:
		Nothing
 This function is called by:
		_sprintf
 This function uses a non-reentrant model


 *************** function _Lcd_Write_String *****************
 Defined at:
		line 86 in file "./Libreria2.h"
 Parameters:    Size  Location     Type
  a               2    6[COMMON] PTR unsigned char 
		 -> buffer(1), STR_4(6), STR_3(6), STR_2(17), 
		 -> STR_1(10), 
 Auto vars:     Size  Location     Type
  i               2    8[COMMON] int 
 Return value:  Size  Location     Type
                  1    wreg      void 
 Registers used:
		wreg, fsr0l, fsr0h, status,2, status,0, btemp+1, pclath, cstack
 Tracked objects:
		On entry : 
		On exit  : 
		Unchanged: 
 Data sizes:     COMMON   BANK0   BANK1   BANK3   BANK2
      Params:         2       0       0       0       0
      Locals:         2       0       0       0       0
      Temps:          0       3       0       0       0
      Totals:         4       3       0       0       0
Total ram usage:        7 bytes
 Hardware stack levels used:    1
 Hardware stack levels required when called:    2
 This function calls:
		_Lcd_Write_Char
 This function is called by:
		_main
		_conversion
 This function uses a non-reentrant model


 *************** function _Lcd_Write_Char *****************
 Defined at:
		line 78 in file "./Libreria2.h"
 Parameters:    Size  Location     Type
  a               1    wreg     unsigned char 
 Auto vars:     Size  Location     Type
  a               1    5[COMMON] unsigned char 
 Return value:  Size  Location     Type
                  1    wreg      void 
 Registers used:
		wreg
 Tracked objects:
		On entry : 
		On exit  : 
		Unchanged: 
 Data sizes:     COMMON   BANK0   BANK1   BANK3   BANK2
      Params:         0       0       0       0       0
      Locals:         1       0       0       0       0
      Temps:          1       0       0       0       0
      Totals:         2       0       0       0       0
Total ram usage:        2 bytes
 Hardware stack levels used:    1
 Hardware stack levels required when called:    1
 This function calls:
		Nothing
 This function is called by:
		_Lcd_Write_String
 This function uses a non-reentrant model


 *************** function _Lcd_Set_Cursor *****************
 Defined at:
		line 57 in file "./Libreria2.h"
 Parameters:    Size  Location     Type
  a               1    wreg     unsigned char 
  b               1    7[COMMON] unsigned char 
 Auto vars:     Size  Location     Type
  a               1    0[BANK0 ] unsigned char 
  temp            1    1[BANK0 ] unsigned char 
  y               1    0        unsigned char 
  z               1    0        unsigned char 
 Return value:  Size  Location     Type
                  1    wreg      void 
 Registers used:
		wreg, status,2, status,0, pclath, cstack
 Tracked objects:
		On entry : 
		On exit  : 
		Unchanged: 
 Data sizes:     COMMON   BANK0   BANK1   BANK3   BANK2
      Params:         1       0       0       0       0
      Locals:         0       2       0       0       0
      Temps:          1       0       0       0       0
      Totals:         2       2       0       0       0
Total ram usage:        4 bytes
 Hardware stack levels used:    1
 Hardware stack levels required when called:    2
 This function calls:
		_Lcd_Cmd
 This function is called by:
		_main
		_conversion
 This function uses a non-reentrant model


 *************** function _config *****************
 Defined at:
		line 18 in file "./Libreria2.h"
 Parameters:    Size  Location     Type
		None
 Auto vars:     Size  Location     Type
		None
 Return value:  Size  Location     Type
                  1    wreg      void 
 Registers used:
		wreg, status,2
 Tracked objects:
		On entry : 
		On exit  : 
		Unchanged: 
 Data sizes:     COMMON   BANK0   BANK1   BANK3   BANK2
      Params:         0       0       0       0       0
      Locals:         0       0       0       0       0
      Temps:          0       0       0       0       0
      Totals:         0       0       0       0       0
Total ram usage:        0 bytes
 Hardware stack levels used:    1
 Hardware stack levels required when called:    1
 This function calls:
		Nothing
 This function is called by:
		_main
 This function uses a non-reentrant model


 *************** function _Lcd_Init *****************
 Defined at:
		line 93 in file "./Libreria2.h"
 Parameters:    Size  Location     Type
		None
 Auto vars:     Size  Location     Type
		None
 Return value:  Size  Location     Type
                  1    wreg      void 
 Registers used:
		wreg, status,2, status,0, pclath, cstack
 Tracked objects:
		On entry : 
		On exit  : 
		Unchanged: 
 Data sizes:     COMMON   BANK0   BANK1   BANK3   BANK2
      Params:         0       0       0       0       0
      Locals:         0       0       0       0       0
      Temps:          2       0       0       0       0
      Totals:         2       0       0       0       0
Total ram usage:        2 bytes
 Hardware stack levels used:    1
 Hardware stack levels required when called:    2
 This function calls:
		_Lcd_Cmd
 This function is called by:
		_main
 This function uses a non-reentrant model


 *************** function _Lcd_Clear *****************
 Defined at:
		line 52 in file "./Libreria2.h"
 Parameters:    Size  Location     Type
		None
 Auto vars:     Size  Location     Type
		None
 Return value:  Size  Location     Type
                  2   52[None  ] int 
 Registers used:
		wreg, status,2, status,0, pclath, cstack
 Tracked objects:
		On entry : 
		On exit  : 
		Unchanged: 
 Data sizes:     COMMON   BANK0   BANK1   BANK3   BANK2
      Params:         0       0       0       0       0
      Locals:         0       0       0       0       0
      Temps:          0       0       0       0       0
      Totals:         0       0       0       0       0
Total ram usage:        0 bytes
 Hardware stack levels used:    1
 Hardware stack levels required when called:    2
 This function calls:
		_Lcd_Cmd
 This function is called by:
		_main
 This function uses a non-reentrant model


 *************** function _Lcd_Cmd *****************
 Defined at:
		line 43 in file "./Libreria2.h"
 Parameters:    Size  Location     Type
  a               1    wreg     unsigned char 
 Auto vars:     Size  Location     Type
  a               1    6[COMMON] unsigned char 
 Return value:  Size  Location     Type
                  1    wreg      void 
 Registers used:
		wreg
 Tracked objects:
		On entry : 
		On exit  : 
		Unchanged: 
 Data sizes:     COMMON   BANK0   BANK1   BANK3   BANK2
      Params:         0       0       0       0       0
      Locals:         1       0       0       0       0
      Temps:          2       0       0       0       0
      Totals:         3       0       0       0       0
Total ram usage:        3 bytes
 Hardware stack levels used:    1
 Hardware stack levels required when called:    1
 This function calls:
		Nothing
 This function is called by:
		_Lcd_Clear
		_Lcd_Set_Cursor
		_Lcd_Init
 This function uses a non-reentrant model


 *************** function _ISR *****************
 Defined at:
		line 37 in file "lab3.c"
 Parameters:    Size  Location     Type
		None
 Auto vars:     Size  Location     Type
		None
 Return value:  Size  Location     Type
                  1    wreg      void 
 Registers used:
		wreg
 Tracked objects:
		On entry : 
		On exit  : 
		Unchanged: 
 Data sizes:     COMMON   BANK0   BANK1   BANK3   BANK2
      Params:         0       0       0       0       0
      Locals:         0       0       0       0       0
      Temps:          4       0       0       0       0
      Totals:         4       0       0       0       0
Total ram usage:        4 bytes
 Hardware stack levels used:    1
 This function calls:
		Nothing
 This function is called by:
		Interrupt level 1
 This function uses a non-reentrant model



MODULE INFORMATION

Module		Function		Class		Link	Load	Size
C:\Program Files\Microchip\xc8\v2.31\pic\sources\c90\common\flneg.c
		___flneg       		CODE           	1B49	0000	11

C:\Program Files\Microchip\xc8\v2.31\pic\sources\c90\common\flneg.c estimated size: 11

C:\Program Files\Microchip\xc8\v2.31\pic\sources\c90\common\flge.c
		___flge        		CODE           	1F5C	0000	164

C:\Program Files\Microchip\xc8\v2.31\pic\sources\c90\common\flge.c estimated size: 164

C:\Program Files\Microchip\xc8\v2.31\pic\sources\c90\common\sprcmul.c
		___flmul       		CODE           	093C	0000	865

C:\Program Files\Microchip\xc8\v2.31\pic\sources\c90\common\sprcmul.c estimated size: 865

C:\Program Files\Microchip\xc8\v2.31\pic\sources\c90\common\__lldiv.c
		___lldiv       		CODE           	10CC	0000	104

C:\Program Files\Microchip\xc8\v2.31\pic\sources\c90\common\__lldiv.c estimated size: 104

C:\Program Files\Microchip\xc8\v2.31\pic\sources\c90\common\Umul8_16.c
		__Umul8_16     		CODE           	1C1E	0000	41

C:\Program Files\Microchip\xc8\v2.31\pic\sources\c90\common\Umul8_16.c estimated size: 41

C:\Program Files\Microchip\xc8\v2.31\pic\sources\c90\common\doprnt.c
		_scale         		CODE           	0C9D	0000	867
		_sprintf       		CODE           	0022	0000	1926
		_fround        		CODE           	136B	0000	525

C:\Program Files\Microchip\xc8\v2.31\pic\sources\c90\common\doprnt.c estimated size: 3318

C:\Program Files\Microchip\xc8\v2.31\pic\sources\c90\common\ftdivl.c
		__tdiv_to_l_   		CODE           	11F0	0000	189

C:\Program Files\Microchip\xc8\v2.31\pic\sources\c90\common\ftdivl.c estimated size: 189

C:\Program Files\Microchip\xc8\v2.31\pic\sources\c90\common\lwmod.c
		___lwmod       		CODE           	0805	0000	58

C:\Program Files\Microchip\xc8\v2.31\pic\sources\c90\common\lwmod.c estimated size: 58

C:\Program Files\Microchip\xc8\v2.31\pic\sources\c90\common\awmod.c
		___awmod       		CODE           	1DA7	0000	91

C:\Program Files\Microchip\xc8\v2.31\pic\sources\c90\common\awmod.c estimated size: 91

C:\Program Files\Microchip\xc8\v2.31\pic\sources\c90\common\Umul16.c
		___wmul        		CODE           	1BD3	0000	37

C:\Program Files\Microchip\xc8\v2.31\pic\sources\c90\common\Umul16.c estimated size: 37

C:\Program Files\Microchip\xc8\v2.31\pic\sources\c90\common\llmod.c
		___llmod       		CODE           	07A8	0000	86

C:\Program Files\Microchip\xc8\v2.31\pic\sources\c90\common\llmod.c estimated size: 86

C:\Program Files\Microchip\xc8\v2.31\pic\sources\c90\common\isdigit.c
		_isdigit       		CODE           	1B71	0000	18

C:\Program Files\Microchip\xc8\v2.31\pic\sources\c90\common\isdigit.c estimated size: 18

C:\Program Files\Microchip\xc8\v2.31\pic\sources\c90\common\sprcadd.c
		___flsub       		CODE           	1D57	0000	80
		___fladd       		CODE           	1578	0000	648

C:\Program Files\Microchip\xc8\v2.31\pic\sources\c90\common\sprcadd.c estimated size: 728

C:\Program Files\Microchip\xc8\v2.31\pic\sources\c90\common\fleq.c
		___fleq        		CODE           	1D07	0000	80

C:\Program Files\Microchip\xc8\v2.31\pic\sources\c90\common\fleq.c estimated size: 80

./Libreria2.h
		_Lcd_Write_String		CODE           	1C7D	0000	68
		_Lcd_Init      		CODE           	1C47	0000	54
		_Lcd_Write_Char		CODE           	1B61	0000	16
		_Lcd_Cmd       		CODE           	1B83	0000	19
		_config        		CODE           	1B96	0000	27
		_Lcd_Set_Cursor		CODE           	1BF8	0000	38
		_Lcd_Clear     		CODE           	1B54	0000	13

./Libreria2.h estimated size: 235

C:\Program Files\Microchip\xc8\v2.31\pic\sources\c90\common\fldivl.c
		__div_to_l_    		CODE           	12AD	0000	190

C:\Program Files\Microchip\xc8\v2.31\pic\sources\c90\common\fldivl.c estimated size: 190

C:\Program Files\Microchip\xc8\v2.31\pic\sources\c90\common\lwdiv.c
		___lwdiv       		CODE           	1CC1	0000	70

C:\Program Files\Microchip\xc8\v2.31\pic\sources\c90\common\lwdiv.c estimated size: 70

C:\Program Files\Microchip\xc8\v2.31\pic\sources\c90\common\awdiv.c
		___awdiv       		CODE           	1E02	0000	105

C:\Program Files\Microchip\xc8\v2.31\pic\sources\c90\common\awdiv.c estimated size: 105

shared
		__stringtab    		STRING         	1000	0000	16
		__powers_      		STRING         	1010	0000	52
		_dpowers       		STRING         	1078	0000	40
		__npowers_     		STRING         	1044	0000	52
		__initialization		CODE           	000F	0000	15

shared estimated size: 175

C:\Program Files\Microchip\xc8\v2.31\pic\sources\c90\common\fltol.c
		___fltol       		CODE           	1EE0	0000	124

C:\Program Files\Microchip\xc8\v2.31\pic\sources\c90\common\fltol.c estimated size: 124

lab3.c
		_conversion    		CODE           	083F	0000	253
		_ISR           		CODE           	1BB1	0000	34
		_main          		CODE           	1E6B	0000	117

lab3.c estimated size: 404

C:\Program Files\Microchip\xc8\v2.31\pic\sources\c90\common\xxtofl.c
		___xxtofl      		CODE           	1134	0000	188

C:\Program Files\Microchip\xc8\v2.31\pic\sources\c90\common\xxtofl.c estimated size: 188

